drule quotations (2):
  (/\\)
  (\\/)
MK_CONJ = ((#=:fun(bool,fun(bool,bool)) a:bool) b:bool), ((#=:fun(bool,fun(bool,bool)) c:bool) d:bool) |- ((#=:fun(bool,fun(bool,bool)) ((#/\:fun(bool,fun(bool,bool)) a:bool) c:bool)) ((#/\:fun(bool,fun(bool,bool)) b:bool) d:bool))
MK_DISJ = ((#=:fun(bool,fun(bool,bool)) a:bool) b:bool), ((#=:fun(bool,fun(bool,bool)) c:bool) d:bool) |- ((#=:fun(bool,fun(bool,bool)) ((#\/:fun(bool,fun(bool,bool)) a:bool) c:bool)) ((#\/:fun(bool,fun(bool,bool)) b:bool) d:bool))
MK_FORALL =  |- ((#=:fun(bool,fun(bool,bool)) (#!:fun(fun('A,bool),bool) (\x:'A. (P:fun('A,bool) x:'A)))) (#!:fun(fun('A,bool),bool) (\x:'A. (P:fun('A,bool) x:'A))))
MK_FORALL_bad ! ABS
MK_EXISTS =  |- ((#=:fun(bool,fun(bool,bool)) (#?:fun(fun('A,bool),bool) (\x:'A. (P:fun('A,bool) x:'A)))) (#?:fun(fun('A,bool),bool) (\x:'A. (P:fun('A,bool) x:'A))))
MP_CONV = ((#==>:fun(bool,fun(bool,bool)) ((\x:bool. x:bool) #T:bool)) b:bool) |- b:bool
MP_CONV2 = a:bool, ((#==>:fun(bool,fun(bool,bool)) a:bool) b:bool) |- b:bool
BETAS_CONV =  |- ((#=:fun('A,fun('A,bool)) (((\x:'A. (\y:'A. ((f:fun('A,fun('A,'A)) x:'A) y:'A))) a:'A) b:'A)) ((f:fun('A,fun('A,'A)) a:'A) b:'A))
BETAS_CONV_bad ! BETAS_CONV
match_fo = [] [g:fun('num,bool)/f:fun('num,bool); n:'num/x:'num] ['num/'A; bool/'B]
match_const = [] [((#\/:fun(bool,fun(bool,bool)) b:bool) c:bool)/y:bool; a:bool/x:bool] []
match_poly = [] [#F:bool/y:bool; #T:bool/x:bool] [bool/'A]
match_bound = [] [g:fun('num,bool)/f:fun('num,bool)] [bool/'B; 'num/'A]
match_lconst = [] [#T:bool/y:bool] []
match_lconst_bad ! term_pmatch: can't instantiate local constant
match_bad ! term_pmatch
match_ho = [1,P:fun('num,bool)] [(\n:'num. ((#=:fun('num,fun('num,bool)) n:'num) n:'num))/P:fun('num,bool)] ['num/'A]
match_ho2 = [1,P:fun('num,fun(bool,bool))] [(\n:'num. (#/\:fun(bool,fun(bool,bool)) ((#=:fun('num,fun('num,bool)) n:'num) m:'num)))/P:fun('num,fun(bool,bool)); ((#=:fun('num,fun('num,bool)) m:'num) n:'num)/y:bool] [bool/'B; 'num/'A]
Warning: inventing type variables
match_ho_app ! type_match
match_ho_beta = [] [#=:fun('num,fun('num,bool))/P:fun('num,fun('num,bool))] ['num/'A]
match_repeat = [] [#T:bool/x:bool] [bool/'A]
match_repeat_bad ! safe_inserta
instantiate_ho = ((#=:fun('num,fun('num,bool)) z:'num) z:'num)
INSTANTIATE_ho =  |- ((#=:fun(bool,fun(bool,bool)) ((#=:fun('num,fun('num,bool)) z:'num) z:'num)) ((#=:fun('num,fun('num,bool)) z:'num) z:'num))
INSTANTIATE_bad ! INSTANTIATE: term or type var free in assumptions
INSTANTIATE_ALL = #T:bool |- #T:bool
INSTANTIATE_ALL_ty = ((#=:fun(bool,fun(bool,bool)) x:bool) x:bool) |- ((#=:fun(bool,fun(bool,bool)) x:bool) x:bool)
Warning: inventing type variables
Warning: inventing type variables
term_unify = [] [(g:fun('?474,'A) z:'?474)/x:'A; (g:fun('?470,'A) y:'?470)/y:'A] []
term_unify_occurs ! augment_insts
term_unify_abs = [] [c:'A/x:'A] []
type_unify = bool/'A; 'C/'B
type_unify_bad ! type_unify: augment_insts
term_type_unify = [] [g:fun(bool,'C)/f:fun(bool,'C); #T:bool/x:bool] ['C/'B; bool/'A]
deep_alpha = (\y:'A. (\b:'A. ((f:fun('A,fun('A,'A)) y:'A) b:'A)))
PART_MATCH = (#!:fun(fun('A,bool),bool) (\x:'A. (#!:fun(fun('A,bool),bool) (\y:'A. ((#=:fun('A,fun('A,bool)) ((f:fun('A,fun('A,'A)) x:'A) y:'A)) ((f:fun('A,fun('A,'A)) y:'A) x:'A)))))) |- ((#=:fun('A,fun('A,bool)) ((f:fun('A,fun('A,'A)) u:'A) v:'A)) ((f:fun('A,fun('A,'A)) v:'A) u:'A))
PART_MATCH_bad ! term_pmatch: can't instantiate local constant
GEN_PART_MATCH ! term_pmatch: can't instantiate local constant
MATCH_MP = (#!:fun(fun('A,bool),bool) (\x:'A. ((#==>:fun(bool,fun(bool,bool)) (P:fun('A,bool) x:'A)) (Q:fun('A,bool) x:'A)))), (P:fun('A,bool) c:'A) |- (Q:fun('A,bool) c:'A)
MATCH_MP_ty ! MATCH_MP: No match
MATCH_MP_bad ! MATCH_MP: No match
MATCH_MP_notimp ! MATCH_MP: Not an implication
MATCH_MP_partial = (#!:fun(fun('A,bool),bool) (\x:'A. (#!:fun(fun('A,bool),bool) (\y:'A. ((#==>:fun(bool,fun(bool,bool)) (P:fun('A,bool) x:'A)) ((R:fun('A,fun('A,bool)) x:'A) y:'A)))))), (P:fun('A,bool) c:'A) |- (#!:fun(fun('A,bool),bool) (\y:'A. ((R:fun('A,fun('A,bool)) c:'A) y:'A)))
HIGHER_REWRITE_CONV = (#!:fun(fun(bool,bool),bool) (\x:bool. ((#=:fun(bool,fun(bool,bool)) ((\_5:bool. _5:bool) ((#/\:fun(bool,fun(bool,bool)) a:bool) x:bool))) (Q:fun(bool,bool) x:bool)))) |- ((#=:fun(bool,fun(bool,bool)) ((#/\:fun(bool,fun(bool,bool)) a:bool) (R:fun('A,bool) (f:fun('A,'A) c:'A)))) (Q:fun(bool,bool) (R:fun('A,bool) (f:fun('A,'A) c:'A))))
new_definition =  |- (#!:fun(fun(fun('A,'A),bool),bool) (\f:fun('A,'A). (#!:fun(fun('A,bool),bool) (\x:'A. ((#=:fun('A,fun('A,bool)) ((#TWICE:fun(fun('A,'A),fun('A,'A)) f:fun('A,'A)) x:'A)) (f:fun('A,'A) (f:fun('A,'A) x:'A)))))))
new_definition_bad ! new_definition: Not an equation
mk_thm = a:bool, b:bool |- c:bool
axioms =  |- ((#==>:fun(bool,fun(bool,bool)) b:bool) ((#==>:fun(bool,fun(bool,bool)) a:bool) c:bool))
constants = TWICE ?! ~ F \/ ? ! ==> /\ T =
Warning: inventing type variables
counter_tyvar = zz_counter:'?618
counter_genvar = _7:bool
term_unify_abs_bad ! body: Not an abstraction
term_type_unify_abs_bad ! body: Not an abstraction
