Searching with limit 0
Searching with limit 1
Searching with limit 2
Searching with limit 3
Warning: inventing type variables
Searching with limit 0
Searching with limit 1
Searching with limit 2
Searching with limit 3
Searching with limit 4
Searching with limit 0
Searching with limit 1
Searching with limit 0
Searching with limit 1
Searching with limit 0
Searching with limit 1
Searching with limit 0
Searching with limit 1
Searching with limit 0
Searching with limit 1
Searching with limit 0
Searching with limit 1
Searching with limit 0
Searching with limit 1
Searching with limit 2
Searching with limit 3
Searching with limit 0
Searching with limit 1
Searching with limit 2
Searching with limit 3
Searching with limit 0
Searching with limit 1
Searching with limit 0
Searching with limit 1
Searching with limit 0
Searching with limit 1
Searching with limit 2
Searching with limit 3
Searching with limit 0
Searching with limit 1
Searching with limit 2
Searching with limit 3
Searching with limit 0
Searching with limit 1
Searching with limit 2
Searching with limit 0
Searching with limit 1
Searching with limit 2
Searching with limit 0
Searching with limit 1
Searching with limit 2
Searching with limit 0
Searching with limit 1
Searching with limit 0
Searching with limit 1
Searching with limit 0
Searching with limit 1
Searching with limit 2
Warning: inventing type variables
Searching with limit 0
Searching with limit 1
Searching with limit 2
Searching with limit 3
Searching with limit 4
Searching with limit 0
Searching with limit 1
Searching with limit 2
Searching with limit 3
Searching with limit 4
Searching with limit 5
Searching with limit 0
Searching with limit 1
Searching with limit 2
Searching with limit 3
Searching with limit 4
Searching with limit 5
Searching with limit 0
Searching with limit 1
Searching with limit 2
Searching with limit 3
Searching with limit 0
Searching with limit 1
Searching with limit 2
Searching with limit 3
Searching with limit 0
Searching with limit 1
Searching with limit 2
Searching with limit 3
Searching with limit 0
Searching with limit 1
Searching with limit 2
Searching with limit 3
Searching with limit 0
Searching with limit 1
Searching with limit 2
Searching with limit 3
Searching with limit 0
Searching with limit 1
Searching with limit 2
Searching with limit 3
Searching with limit 0
Searching with limit 1
Searching with limit 2
Searching with limit 3
Searching with limit 0
Searching with limit 1
Searching with limit 2
Searching with limit 3
Searching with limit 0
Searching with limit 1
Searching with limit 2
Searching with limit 3
Searching with limit 0
Searching with limit 1
Searching with limit 2
Searching with limit 3
Searching with limit 0
Searching with limit 1
Searching with limit 2
Searching with limit 3
Searching with limit 0
Searching with limit 1
Searching with limit 2
Searching with limit 3
Searching with limit 0
Searching with limit 1
Searching with limit 2
Searching with limit 3
Searching with limit 0
Searching with limit 1
Searching with limit 2
Searching with limit 3
Searching with limit 0
Searching with limit 1
Searching with limit 2
Searching with limit 3
Searching with limit 0
Searching with limit 1
Searching with limit 2
Searching with limit 3
Searching with limit 0
Searching with limit 1
Searching with limit 2
Searching with limit 3
Searching with limit 4
Searching with limit 0
Searching with limit 1
Searching with limit 2
Searching with limit 3
Searching with limit 4
Searching with limit 0
Searching with limit 1
Searching with limit 2
Searching with limit 3
Searching with limit 4
Searching with limit 0
Searching with limit 1
Searching with limit 2
Searching with limit 3
Searching with limit 4
Searching with limit 0
Searching with limit 1
Searching with limit 2
Searching with limit 3
Searching with limit 4
Searching with limit 0
Searching with limit 1
Searching with limit 2
Searching with limit 3
Searching with limit 4
Searching with limit 0
Searching with limit 1
Searching with limit 2
Searching with limit 0
Searching with limit 1
Searching with limit 2
Searching with limit 0
Searching with limit 1
Searching with limit 2
Searching with limit 3
Searching with limit 0
Searching with limit 1
Searching with limit 2
Searching with limit 3
Searching with limit 0
Searching with limit 1
Searching with limit 2
Searching with limit 0
Searching with limit 1
Searching with limit 0
Searching with limit 1
Searching with limit 0
Searching with limit 1
Searching with limit 2
Warning: inventing type variables
Warning: inventing type variables
Warning: inventing type variables
Warning: inventing type variables
firstorder quotations (0):
list_rest = [1:[][2; 3]; 2:[1][3]; 3:[2; 1][]]
nth_rest = 2[1][3]
nth_rest_bad ! nth_rest
insert_at = [1; 9; 2; 3]
take_drop = [1; 2][3]
findi = 2 3
fold_map = 7[1; 4; 12]
filter_map = [4; 9]
union1 = [2; 3; 4; 1]
union2 = [2; 3; 4; 1]
fold_right1 = 9
exists_unique = true
Warning: inventing type variables
Warning: inventing type variables
roundtrip = ((R:fun('A,fun('A,bool)) (g:fun('?3923,'A) _638:'?3923)) _639:'A) / 0
Warning: inventing type variables
counter_tyvar = zz_counter:'?3924
counter_genvar = _640:bool
