Searching with limit 0
Searching with limit 1
imp_refl =  |- ((#==>:fun(bool,fun(bool,bool)) p:bool) p:bool)
Searching with limit 0
Searching with limit 1
conj_comm =  |- ((#==>:fun(bool,fun(bool,bool)) ((#/\:fun(bool,fun(bool,bool)) p:bool) q:bool)) ((#/\:fun(bool,fun(bool,bool)) q:bool) p:bool))
Searching with limit 0
Searching with limit 1
Searching with limit 2
Searching with limit 3
imp_trans =  |- ((#==>:fun(bool,fun(bool,bool)) ((#==>:fun(bool,fun(bool,bool)) p:bool) q:bool)) ((#==>:fun(bool,fun(bool,bool)) ((#==>:fun(bool,fun(bool,bool)) q:bool) r:bool)) ((#==>:fun(bool,fun(bool,bool)) p:bool) r:bool)))
Searching with limit 0
Searching with limit 1
Searching with limit 2
Searching with limit 3
triple_neg =  |- ((#==>:fun(bool,fun(bool,bool)) (#~:fun(bool,bool) (#~:fun(bool,bool) (#~:fun(bool,bool) p:bool)))) (#~:fun(bool,bool) p:bool))
Searching with limit 0
Searching with limit 1
Searching with limit 2
disj_elim =  |- ((#==>:fun(bool,fun(bool,bool)) ((#/\:fun(bool,fun(bool,bool)) ((#\/:fun(bool,fun(bool,bool)) p:bool) q:bool)) ((#/\:fun(bool,fun(bool,bool)) ((#==>:fun(bool,fun(bool,bool)) p:bool) r:bool)) ((#==>:fun(bool,fun(bool,bool)) q:bool) r:bool)))) r:bool)
Searching with limit 0
Searching with limit 1
Searching with limit 2
Searching with limit 3
forall_inst =  |- ((#==>:fun(bool,fun(bool,bool)) (#!:fun(fun('A,bool),bool) (\x:'A. (P:fun('A,bool) x:'A)))) (P:fun('A,bool) a:'A))
Searching with limit 0
Searching with limit 1
Searching with limit 2
Searching with limit 3
exists_weaken =  |- ((#==>:fun(bool,fun(bool,bool)) (#?:fun(fun('A,bool),bool) (\x:'A. ((#/\:fun(bool,fun(bool,bool)) (P:fun('A,bool) x:'A)) (Q:fun('A,bool) x:'A))))) (#?:fun(fun('A,bool),bool) (\x:'A. (P:fun('A,bool) x:'A))))
Searching with limit 0
Searching with limit 1
Searching with limit 2
iff =  |- ((#==>:fun(bool,fun(bool,bool)) ((#=:fun(bool,fun(bool,bool)) p:bool) q:bool)) ((#==>:fun(bool,fun(bool,bool)) q:bool) p:bool))
Searching with limit 0
Searching with limit 1
Searching with limit 2
Searching with limit 3
contrapos =  |- ((#==>:fun(bool,fun(bool,bool)) ((#==>:fun(bool,fun(bool,bool)) p:bool) q:bool)) ((#==>:fun(bool,fun(bool,bool)) (#~:fun(bool,bool) q:bool)) (#~:fun(bool,bool) p:bool)))
Searching with limit 0
Searching with limit 1
dist =  |- ((#==>:fun(bool,fun(bool,bool)) ((#/\:fun(bool,fun(bool,bool)) p:bool) ((#\/:fun(bool,fun(bool,bool)) q:bool) r:bool))) ((#\/:fun(bool,fun(bool,bool)) ((#/\:fun(bool,fun(bool,bool)) p:bool) q:bool)) ((#/\:fun(bool,fun(bool,bool)) p:bool) r:bool)))
Warning: Free variables in goal: a, b
g1 = 1 subgoal (1 total)\n\n`exists x. a /\\ b <=> x`\n
meta1 = 1 subgoal (1 total)\n\n`a /\\ b <=> x`\n
refl1 = No subgoals\n
thm1 =  |- (#?:fun(fun(bool,bool),bool) (\x:bool. ((#=:fun(bool,fun(bool,bool)) ((#/\:fun(bool,fun(bool,bool)) a:bool) b:bool)) x:bool)))
Warning: Free variables in goal: a, b
g2 = 1 subgoal (1 total)\n\n`exists f. a /\\ b <=> f a`\n
meta2 = 1 subgoal (1 total)\n\n`a /\\ b <=> f a`\n
refl2 = No subgoals\n
thm2 =  |- (#?:fun(fun(fun(bool,bool),bool),bool) (\f:fun(bool,bool). ((#=:fun(bool,fun(bool,bool)) ((#/\:fun(bool,fun(bool,bool)) a:bool) b:bool)) (f:fun(bool,bool) a:bool))))
Warning: Free variables in goal: a, b
g3 = 1 subgoal (1 total)\n\n`exists f. a /\\ b <=> f true`\n
meta3 = 1 subgoal (1 total)\n\n`a /\\ b <=> f true`\n
UNIFY_REFL_TAC: warning: this isn't var: true
refl3 = No subgoals\n
thm3 =  |- (#?:fun(fun(fun(bool,bool),bool),bool) (\f:fun(bool,bool). ((#=:fun(bool,fun(bool,bool)) ((#/\:fun(bool,fun(bool,bool)) a:bool) b:bool)) (f:fun(bool,bool) #T:bool))))
Warning: Free variables in goal: b
g4 = 1 subgoal (1 total)\n\n`exists x. x /\\ b <=> x`\n
meta4 = 1 subgoal (1 total)\n\n`x /\\ b <=> x`\n
refl4_occurs ! UNIFY_REFL_TAC: failed: `x /\ b <=> x`
Warning: Free variables in goal: a, b
g5 = 1 subgoal (1 total)\n\n`a /\\ b <=> b /\\ a`\n
refl5_notvar ! UNIFY_REFL_TAC: not variable
Warning: Free variables in goal: a, b
g6 = 1 subgoal (1 total)\n\n`a /\\ b`\n
refl6_noteq ! dest_eq
accept_bad ! dest_comb: not a combination
Warning: inventing type variables
counter_tyvar = zz_counter:'?450
counter_genvar = _8:bool
