Searching with limit 0
Searching with limit 1
Searching with limit 2
Searching with limit 3
Warning: inventing type variables
Searching with limit 0
Searching with limit 1
Searching with limit 2
Searching with limit 3
Searching with limit 4
Searching with limit 0
Searching with limit 1
Searching with limit 0
Searching with limit 1
Searching with limit 0
Searching with limit 1
Searching with limit 0
Searching with limit 1
Searching with limit 0
Searching with limit 1
Searching with limit 0
Searching with limit 1
Searching with limit 0
Searching with limit 1
Searching with limit 2
Searching with limit 3
Searching with limit 0
Searching with limit 1
Searching with limit 2
Searching with limit 3
Searching with limit 0
Searching with limit 1
Searching with limit 0
Searching with limit 1
Searching with limit 0
Searching with limit 1
Searching with limit 2
Searching with limit 3
Searching with limit 0
Searching with limit 1
Searching with limit 2
Searching with limit 3
Searching with limit 0
Searching with limit 1
Searching with limit 2
Searching with limit 0
Searching with limit 1
Searching with limit 2
Searching with limit 0
Searching with limit 1
Searching with limit 2
Searching with limit 0
Searching with limit 1
Searching with limit 0
Searching with limit 1
Searching with limit 0
Searching with limit 1
Searching with limit 2
Warning: inventing type variables
Searching with limit 0
Searching with limit 1
Searching with limit 2
Searching with limit 3
Searching with limit 4
Searching with limit 0
Searching with limit 1
Searching with limit 2
Searching with limit 3
Searching with limit 4
Searching with limit 5
Searching with limit 0
Searching with limit 1
Searching with limit 2
Searching with limit 3
Searching with limit 4
Searching with limit 5
Searching with limit 0
Searching with limit 1
Searching with limit 2
Searching with limit 3
Searching with limit 0
Searching with limit 1
Searching with limit 2
Searching with limit 3
Searching with limit 0
Searching with limit 1
Searching with limit 2
Searching with limit 3
Searching with limit 0
Searching with limit 1
Searching with limit 2
Searching with limit 3
Searching with limit 0
Searching with limit 1
Searching with limit 2
Searching with limit 3
Searching with limit 0
Searching with limit 1
Searching with limit 2
Searching with limit 3
Searching with limit 0
Searching with limit 1
Searching with limit 2
Searching with limit 3
Searching with limit 0
Searching with limit 1
Searching with limit 2
Searching with limit 3
Searching with limit 0
Searching with limit 1
Searching with limit 2
Searching with limit 3
Searching with limit 0
Searching with limit 1
Searching with limit 2
Searching with limit 3
Searching with limit 0
Searching with limit 1
Searching with limit 2
Searching with limit 3
Searching with limit 0
Searching with limit 1
Searching with limit 2
Searching with limit 3
Searching with limit 0
Searching with limit 1
Searching with limit 2
Searching with limit 3
Searching with limit 0
Searching with limit 1
Searching with limit 2
Searching with limit 3
Searching with limit 0
Searching with limit 1
Searching with limit 2
Searching with limit 3
Searching with limit 0
Searching with limit 1
Searching with limit 2
Searching with limit 3
Searching with limit 0
Searching with limit 1
Searching with limit 2
Searching with limit 3
Searching with limit 4
Searching with limit 0
Searching with limit 1
Searching with limit 2
Searching with limit 3
Searching with limit 4
Searching with limit 0
Searching with limit 1
Searching with limit 2
Searching with limit 3
Searching with limit 4
Searching with limit 0
Searching with limit 1
Searching with limit 2
Searching with limit 3
Searching with limit 4
Searching with limit 0
Searching with limit 1
Searching with limit 2
Searching with limit 3
Searching with limit 4
Searching with limit 0
Searching with limit 1
Searching with limit 2
Searching with limit 3
Searching with limit 4
Searching with limit 0
Searching with limit 1
Searching with limit 2
Searching with limit 0
Searching with limit 1
Searching with limit 2
Searching with limit 0
Searching with limit 1
Searching with limit 2
Searching with limit 3
Searching with limit 0
Searching with limit 1
Searching with limit 2
Searching with limit 3
Searching with limit 0
Searching with limit 1
Searching with limit 2
Searching with limit 0
Searching with limit 1
Searching with limit 0
Searching with limit 1
Searching with limit 0
Searching with limit 1
Searching with limit 2
Warning: inventing type variables
Warning: inventing type variables
Warning: inventing type variables
Warning: inventing type variables
meson quotations (13):
  F
  a \\/ b <=> ~b ==> a
  ~(~a) <=> a
  ~(a \\/ b) <=> ~a /\\ ~b
  ~a \\/ ~b <=> ~(a /\\ b)
  ~p <=> p ==> F
  (p ==> ~p) <=> ~p
  (~p ==> p) <=> p
  x:A = y
  (x:A = x) /\\\n       (~(x:A = y) \\/ ~(x = z) \\/ (y = z))
  (a ==> b) <=> ~a \\/ b
  (a <=> b) ==> b \\/ ~a
  a ==> b <=> ~a \\/ b
0..0..1..solved at 4
mp =  |- ((#==>:fun(bool,fun(bool,bool)) ((#/\:fun(bool,fun(bool,bool)) (#!:fun(fun('A,bool),bool) (\x:'A. ((#==>:fun(bool,fun(bool,bool)) (P:fun('A,bool) x:'A)) (Q:fun('A,bool) x:'A))))) (P:fun('A,bool) a:'A))) (Q:fun('A,bool) a:'A))
0..0..solved at 2
swap =  |- ((#==>:fun(bool,fun(bool,bool)) (#?:fun(fun('A,bool),bool) (\x:'A. (#!:fun(fun('B,bool),bool) (\y:'B. ((P:fun('A,fun('B,bool)) x:'A) y:'B)))))) (#!:fun(fun('B,bool),bool) (\y:'B. (#?:fun(fun('A,bool),bool) (\x:'A. ((P:fun('A,fun('B,bool)) x:'A) y:'B))))))
0..0..solved at 2
drinker =  |- (#?:fun(fun('A,bool),bool) (\x:'A. ((#==>:fun(bool,fun(bool,bool)) (P:fun('A,bool) x:'A)) (#!:fun(fun('A,bool),bool) (\y:'A. (P:fun('A,bool) y:'A))))))
0..0..1..2..5..9..solved at 15
trans =  |- ((#==>:fun(bool,fun(bool,bool)) ((#/\:fun(bool,fun(bool,bool)) (#!:fun(fun('A,bool),bool) (\x:'A. (#!:fun(fun('A,bool),bool) (\y:'A. (#!:fun(fun('A,bool),bool) (\z:'A. ((#==>:fun(bool,fun(bool,bool)) ((#/\:fun(bool,fun(bool,bool)) ((R:fun('A,fun('A,bool)) x:'A) y:'A)) ((R:fun('A,fun('A,bool)) y:'A) z:'A))) ((R:fun('A,fun('A,bool)) x:'A) z:'A))))))))) ((#/\:fun(bool,fun(bool,bool)) ((R:fun('A,fun('A,bool)) a:'A) b:'A)) ((#/\:fun(bool,fun(bool,bool)) ((R:fun('A,fun('A,bool)) b:'A) c:'A)) ((R:fun('A,fun('A,bool)) c:'A) d:'A))))) ((R:fun('A,fun('A,bool)) a:'A) d:'A))
0..0..solved at 2
equality =  |- ((#==>:fun(bool,fun(bool,bool)) (#!:fun(fun('A,bool),bool) (\x:'A. ((#=:fun('A,fun('A,bool)) (f:fun('A,'A) (f:fun('A,'A) x:'A))) x:'A)))) (#!:fun(fun('A,bool),bool) (\y:'A. (#?:fun(fun('A,bool),bool) (\x:'A. ((#=:fun('A,fun('A,bool)) (f:fun('A,'A) x:'A)) y:'A))))))
p18 ! typechecking error (initial type assignment): F has type bool, it cannot be used with type _->bool
0..0..1..solved at 4
meson_thms ! prove: additional assumptions in result
0..0..1..solved at 4
asm_meson =  |- ((#==>:fun(bool,fun(bool,bool)) (#!:fun(fun('A,bool),bool) (\x:'A. ((#==>:fun(bool,fun(bool,bool)) (P:fun('A,bool) x:'A)) (Q:fun('A,bool) x:'A))))) ((#==>:fun(bool,fun(bool,bool)) (P:fun('A,bool) a:'A)) (Q:fun('A,bool) a:'A)))
0..0..0..depth_limit ! solve_goal: Too deep
inferences = 0
Warning: inventing type variables
counter_tyvar = zz_counter:'?4064
counter_genvar = _651:bool
