Searching with limit 0
Searching with limit 1
Searching with limit 2
Searching with limit 3
Warning: inventing type variables
Searching with limit 0
Searching with limit 1
Searching with limit 2
Searching with limit 3
Searching with limit 4
Searching with limit 0
Searching with limit 1
Searching with limit 0
Searching with limit 1
Searching with limit 0
Searching with limit 1
Searching with limit 0
Searching with limit 1
Searching with limit 0
Searching with limit 1
Searching with limit 0
Searching with limit 1
Searching with limit 0
Searching with limit 1
Searching with limit 2
Searching with limit 3
Searching with limit 0
Searching with limit 1
Searching with limit 2
Searching with limit 3
Searching with limit 0
Searching with limit 1
Searching with limit 0
Searching with limit 1
Searching with limit 0
Searching with limit 1
Searching with limit 2
Searching with limit 3
Searching with limit 0
Searching with limit 1
Searching with limit 2
Searching with limit 3
Searching with limit 0
Searching with limit 1
Searching with limit 2
Searching with limit 0
Searching with limit 1
Searching with limit 2
Searching with limit 0
Searching with limit 1
Searching with limit 2
Searching with limit 0
Searching with limit 1
Searching with limit 0
Searching with limit 1
Searching with limit 0
Searching with limit 1
Searching with limit 2
Warning: inventing type variables
Searching with limit 0
Searching with limit 1
Searching with limit 2
Searching with limit 3
Searching with limit 4
Searching with limit 0
Searching with limit 1
Searching with limit 2
Searching with limit 3
Searching with limit 4
Searching with limit 5
Searching with limit 0
Searching with limit 1
Searching with limit 2
Searching with limit 3
Searching with limit 4
Searching with limit 5
Searching with limit 0
Searching with limit 1
Searching with limit 2
Searching with limit 3
Searching with limit 0
Searching with limit 1
Searching with limit 2
Searching with limit 3
Searching with limit 0
Searching with limit 1
Searching with limit 2
Searching with limit 3
Searching with limit 0
Searching with limit 1
Searching with limit 2
Searching with limit 3
Searching with limit 0
Searching with limit 1
Searching with limit 2
Searching with limit 3
Searching with limit 0
Searching with limit 1
Searching with limit 2
Searching with limit 3
Searching with limit 0
Searching with limit 1
Searching with limit 2
Searching with limit 3
Searching with limit 0
Searching with limit 1
Searching with limit 2
Searching with limit 3
Searching with limit 0
Searching with limit 1
Searching with limit 2
Searching with limit 3
Searching with limit 0
Searching with limit 1
Searching with limit 2
Searching with limit 3
Searching with limit 0
Searching with limit 1
Searching with limit 2
Searching with limit 3
Searching with limit 0
Searching with limit 1
Searching with limit 2
Searching with limit 3
Searching with limit 0
Searching with limit 1
Searching with limit 2
Searching with limit 3
Searching with limit 0
Searching with limit 1
Searching with limit 2
Searching with limit 3
Searching with limit 0
Searching with limit 1
Searching with limit 2
Searching with limit 3
Searching with limit 0
Searching with limit 1
Searching with limit 2
Searching with limit 3
Searching with limit 0
Searching with limit 1
Searching with limit 2
Searching with limit 3
Searching with limit 4
Searching with limit 0
Searching with limit 1
Searching with limit 2
Searching with limit 3
Searching with limit 4
Searching with limit 0
Searching with limit 1
Searching with limit 2
Searching with limit 3
Searching with limit 4
Searching with limit 0
Searching with limit 1
Searching with limit 2
Searching with limit 3
Searching with limit 4
Searching with limit 0
Searching with limit 1
Searching with limit 2
Searching with limit 3
Searching with limit 4
Searching with limit 0
Searching with limit 1
Searching with limit 2
Searching with limit 3
Searching with limit 4
Searching with limit 0
Searching with limit 1
Searching with limit 2
Searching with limit 0
Searching with limit 1
Searching with limit 2
Searching with limit 0
Searching with limit 1
Searching with limit 2
Searching with limit 3
Searching with limit 0
Searching with limit 1
Searching with limit 2
Searching with limit 3
Searching with limit 0
Searching with limit 1
Searching with limit 2
Searching with limit 0
Searching with limit 1
Searching with limit 0
Searching with limit 1
Searching with limit 0
Searching with limit 1
Searching with limit 2
Warning: inventing type variables
Warning: inventing type variables
Warning: inventing type variables
Warning: inventing type variables
metis quotations (6):
  !a. a ==> ~a ==> F
  !a b. a \\/ b ==> ~a ==> b
  !a c. a ==> ~a \\/ c ==> c
  !a b c. a \\/ b ==> ~a \\/ c ==> b \\/ c
  !a b. ~a ==> b <=>  a \\/ b
  !a b.  a ==> b <=> ~a \\/ b
refl =  |- (#!:fun(fun('A,bool),bool) (\x:'A. ((#==>:fun(bool,fun(bool,bool)) (P:fun('A,bool) x:'A)) (P:fun('A,bool) x:'A))))
drinker =  |- (#?:fun(fun('A,bool),bool) (\x:'A. ((#==>:fun(bool,fun(bool,bool)) (P:fun('A,bool) x:'A)) (#!:fun(fun('A,bool),bool) (\y:'A. (P:fun('A,bool) y:'A))))))
trans =  |- ((#==>:fun(bool,fun(bool,bool)) ((#/\:fun(bool,fun(bool,bool)) (#!:fun(fun('A,bool),bool) (\x:'A. (#!:fun(fun('A,bool),bool) (\y:'A. ((#==>:fun(bool,fun(bool,bool)) ((R:fun('A,fun('A,bool)) x:'A) y:'A)) ((R:fun('A,fun('A,bool)) y:'A) x:'A))))))) ((#/\:fun(bool,fun(bool,bool)) (#!:fun(fun('A,bool),bool) (\x:'A. (#!:fun(fun('A,bool),bool) (\y:'A. (#!:fun(fun('A,bool),bool) (\z:'A. ((#==>:fun(bool,fun(bool,bool)) ((#/\:fun(bool,fun(bool,bool)) ((R:fun('A,fun('A,bool)) x:'A) y:'A)) ((R:fun('A,fun('A,bool)) y:'A) z:'A))) ((R:fun('A,fun('A,bool)) x:'A) z:'A))))))))) (#!:fun(fun('A,bool),bool) (\x:'A. (#?:fun(fun('A,bool),bool) (\y:'A. ((R:fun('A,fun('A,bool)) x:'A) y:'A)))))))) (#!:fun(fun('A,bool),bool) (\x:'A. ((R:fun('A,fun('A,bool)) x:'A) x:'A))))
eq =  |- ((#==>:fun(bool,fun(bool,bool)) ((#/\:fun(bool,fun(bool,bool)) (#!:fun(fun('A,bool),bool) (\x:'A. ((#=:fun('A,fun('A,bool)) (f:fun('A,'A) (f:fun('A,'A) x:'A))) x:'A)))) (#!:fun(fun('A,bool),bool) (\x:'A. ((#=:fun('A,fun('A,bool)) (g:fun('A,'A) x:'A)) (f:fun('A,'A) x:'A)))))) (#!:fun(fun('A,bool),bool) (\y:'A. ((#=:fun('A,fun('A,bool)) (g:fun('A,'A) (g:fun('A,'A) y:'A))) y:'A))))
lemma =  |- (#!:fun(fun(bool,bool),bool) (\p:bool. (#!:fun(fun(bool,bool),bool) (\q:bool. ((#==>:fun(bool,fun(bool,bool)) ((#/\:fun(bool,fun(bool,bool)) p:bool) q:bool)) ((#/\:fun(bool,fun(bool,bool)) q:bool) p:bool))))))
group =  |- ((#==>:fun(bool,fun(bool,bool)) ((#/\:fun(bool,fun(bool,bool)) (#!:fun(fun('A,bool),bool) (\x:'A. ((#=:fun('A,fun('A,bool)) ((m:fun('A,fun('A,'A)) e:'A) x:'A)) x:'A)))) ((#/\:fun(bool,fun(bool,bool)) (#!:fun(fun('A,bool),bool) (\x:'A. ((#=:fun('A,fun('A,bool)) ((m:fun('A,fun('A,'A)) (i:fun('A,'A) x:'A)) x:'A)) e:'A)))) (#!:fun(fun('A,bool),bool) (\x:'A. (#!:fun(fun('A,bool),bool) (\y:'A. (#!:fun(fun('A,bool),bool) (\z:'A. ((#=:fun('A,fun('A,bool)) ((m:fun('A,fun('A,'A)) ((m:fun('A,fun('A,'A)) x:'A) y:'A)) z:'A)) ((m:fun('A,fun('A,'A)) x:'A) ((m:fun('A,fun('A,'A)) y:'A) z:'A)))))))))))) (#!:fun(fun('A,bool),bool) (\x:'A. ((#=:fun('A,fun('A,bool)) ((m:fun('A,fun('A,'A)) (i:fun('A,'A) x:'A)) ((m:fun('A,fun('A,'A)) x:'A) e:'A))) e:'A))))
asm =  |- ((#==>:fun(bool,fun(bool,bool)) (#!:fun(fun('A,bool),bool) (\x:'A. ((#==>:fun(bool,fun(bool,bool)) (P:fun('A,bool) x:'A)) (Q:fun('A,bool) x:'A))))) ((#==>:fun(bool,fun(bool,bool)) (P:fun('A,bool) a:'A)) (Q:fun('A,bool) a:'A)))
