lookup h_c_c = [2hcy;0first;1dup;1hgxy;1hxy;1hxy2;1gx;3fxy;5x]
lookup h_x_c = [0first;1dup;1hgxy;1hxy;1hxy2;1gx;3fxy;5x]
lookup h_gc_c = [0first;1dup;1hgxy;1hxy;1hxy2;1gx;3fxy;5x]
lookup f_c_c = [1gx;3fxy;5x]
lookup g_c = [1gx;3fxy;5x]
lookup c = [1c;1gx;3fxy;5x]
lookup x = [1gx;3fxy;5x]
lookup lam = [2lam;1gx;3fxy;5x]
lookup redex = [4redex;1gx;3fxy;5x]
lookup_l h_c_c = [2hcy;0first;1dup;1hxy;1hxy2;3fxy;5x]
lookup_l h_x_c = [0first;1dup;1hxy;1hxy2;3fxy;5x]
lookup_l h_gc_c = [1hgxy;0first;1dup;1hxy;1hxy2;3fxy;5x]
lookup_l f_c_c = [3fxy;5x]
lookup_l g_c = [1gx;3fxy;5x]
lookup_l c = [1c;3fxy;5x]
lookup_l x = [3fxy;5x]
lookup_l lam = [2lam;3fxy;5x]
lookup_l redex = [4redex;3fxy;5x]
merged h_c_c = [0first;1dup;1hxy;1hxy2;7m;1gx;3fxy;5x]
merged h_x_c = [0first;1dup;1hxy;1hxy2;7m;1gx;3fxy;5x]
merged h_gc_c = [0first;1dup;1hxy;1hxy2;7m;1gx;3fxy;5x]
merged f_c_c = [1gx;3fxy;5x]
merged g_c = [1gx;3fxy;5x]
merged c = [0m0;1c;1gx;3fxy;5x]
merged x = [1gx;3fxy;5x]
merged lam = [2lam;1gx;3fxy;5x]
merged redex = [4redex;1gx;3fxy;5x]
genvar_counter = _1:'A
